lun 05 oct 2026 14:41:30 -03
FIN z102_desc_pupila b_red real_A+init_z98.0_full
FIN z102_desc_paso b_red real_A+init_z98.0_full
FIN z102_m258 b_blue real_A+init_z98.0_full
FIN z102_m258 b_green real_A+init_z98.0_full
FIN z102_m267 b_blue real_A+init_z98.0_full
FIN z102_m267 b_green real_A+init_z98.0_full
FIN z102_m276 b_red real_A+init_z98.0_f0
FIN z102_m276 b_red real_A+init_z98.0_f1
FIN z102_m276 b_red real_A+init_z98.0_f2
FIN z102_m276 b_red real_A+init_z98.0_f3
FIN z102_m276 b_red real_A+init_z98.0_f4
FIN z102_m258 b_red real_A+init_z98.0_f0
FIN z102_m258 b_red real_A+init_z98.0_f1
FIN z102_m258 b_red real_A+init_z98.0_f2
FIN z102_m258 b_red real_A+init_z98.0_f3
FIN z102_m258 b_red real_A+init_z98.0_f4
FIN final_z102 b_red real_A+init_z98.0_f0
FIN final_z102 b_red real_A+init_z98.0_f1
FIN final_z102 b_red real_A+init_z98.0_f3
FIN final_z102 b_red real_A+init_z98.0_f2
FIN final_z102 b_red real_A+init_z98.0_f4
lun 05 oct 2026 15:38:05 -03
TANDA3_DONE
