/home/chanoscopio/.local/lib/python3.10/site-packages/matplotlib/projections/__init__.py:63: UserWarning: Unable to import Axes3D. This may be due to multiple versions of Matplotlib being installed (e.g. as a system package and as a pip package). As a result, the 3D projection is not available.
  warnings.warn("Unable to import Axes3D. This may be due to multiple versions of "
{
 "base_e5": {
  "N_todos": 124,
  "N_d5": 63,
  "mediana_dvol_d_d5": 0.8577818943322231,
  "p25_d5": 0.7530585534736531,
  "p75_d5": 0.9161767541801598,
  "pearson_d5": 0.9876964961818937,
  "ruido": 0.02827809624164664
 },
 "die_e5": {
  "N_todos": 64,
  "N_d5": 34,
  "mediana_dvol_d_d5": 1.0375622811280956,
  "p25_d5": 0.9719440876768649,
  "p75_d5": 1.0773541124599983,
  "pearson_d5": 0.9771948068447195,
  "ruido": 0.1823675788102513
 },
 "base_e40": {
  "N_todos": 82,
  "N_d5": 36,
  "mediana_dvol_d_d5": 0.9348420209155248,
  "p25_d5": 0.8616192314538671,
  "p75_d5": 1.0062942139245918,
  "pearson_d5": 0.9575937278355111,
  "ruido": 0.16009633790617087
 },
 "die_e40": {
  "N_todos": 54,
  "N_d5": 36,
  "mediana_dvol_d_d5": 1.0539405422164054,
  "p25_d5": 0.9647145299708505,
  "p75_d5": 1.1091051020848477,
  "pearson_d5": 0.9773421242579281,
  "ruido": 0.2644790074023935
 },
 "base_e160": {
  "N_todos": 35,
  "N_d5": 21,
  "mediana_dvol_d_d5": 1.1044695701502043,
  "p25_d5": 1.0515370054555286,
  "p75_d5": 1.1636974852046853,
  "pearson_d5": 0.9798074143237806,
  "ruido": 0.361792064011323
 },
 "die_e160": {
  "N_todos": 45,
  "N_d5": 32,
  "mediana_dvol_d_d5": 1.0854041034607538,
  "p25_d5": 1.0131824382428891,
  "p75_d5": 1.1274859091705054,
  "pearson_d5": 0.9839824807908448,
  "ruido": 0.2952020703902974
 }
}
0 {'base': (0.0, -0.0), 'die': (0.0, -0.0), 'die_neg': (0.0, -0.0)} {'base': 0.9843331653565446, 'die': 0.9834158118414382, 'die_neg': 0.9879818136564033}
1 {'base': (0.0, -0.0), 'die': (0.0, -0.0), 'die_neg': (0.0, -0.0)} {'base': 0.9843331653565446, 'die': 0.9834158118414382, 'die_neg': 0.9879818136564033}
2 {'base': (0.0, -0.0), 'die': (0.0, -0.0), 'die_neg': (0.04, 0.0)} {'base': 0.458354270611985, 'die': 0.45057496761121607, 'die_neg': 0.4730461834121417}
3 {'base': (0.08, -0.001), 'die': (0.05, -0.0), 'die_neg': (0.03, -0.0)} {'base': 0.4342556134800562, 'die': 0.4259987872943541, 'die_neg': 0.4498785457509529}
5 {'base': (0.08, 0.0), 'die': (0.06, -0.0), 'die_neg': (0.06, -0.0)} {'base': 0.4061985147463928, 'die': 0.3977631454145765, 'die_neg': 0.4214479028902579}
8 {'base': (0.06, 0.0), 'die': (0.08, -0.0), 'die_neg': (81.63, -1.511)} {'base': 0.3848230560029813, 'die': 0.37596423065107476, 'die_neg': 0.3993858417791455}
12 {'base': (0.03, -0.0), 'die': (0.09, 0.0), 'die_neg': (98.74, -1.914)} {'base': 0.37136842682860577, 'die': 0.3614913969211087, 'die_neg': 0.3826643729736367}
20 {'base': (0.16, 0.0), 'die': (0.11, 0.001), 'die_neg': (100.93, -1.905)} {'base': 0.3598498796307592, 'die': 0.34519743635579087, 'die_neg': 0.3630281084940442}
30 {'base': (0.09, 0.0), 'die': (0.12, 0.0), 'die_neg': (94.11, -1.825)} {'base': 0.3540134919749109, 'die': 0.3354541617817764, 'die_neg': 0.349706244071916}
40 {'base': (17.76, -0.283), 'die': (0.11, 0.0), 'die_neg': (103.27, -1.988)} {'base': 0.3485558582323905, 'die': 0.33005666032828834, 'die_neg': 0.3419720967904319}
60 {'base': (17.48, -0.339), 'die': (0.14, -0.0), 'die_neg': None} {'base': 0.33891067551987314, 'die': 0.3237435240519441, 'die_neg': None}
80 {'base': (18.26, -0.351), 'die': (0.18, 0.0), 'die_neg': None} {'base': 0.333973852699238, 'die': 0.32047200435345335, 'die_neg': None}
120 {'base': (26.06, -0.451), 'die': (0.26, 0.0), 'die_neg': None} {'base': 0.3271107214057622, 'die': 0.31760356136889045, 'die_neg': None}
160 {'base': (26.85, -0.515), 'die': (0.3, 0.001), 'die_neg': None} {'base': 0.3201750585543812, 'die': 0.31690936636280403, 'die_neg': None}
